Microsoft Windows [Version 10.0.26100.7171]
(c) Microsoft Corporation. All rights reserved.

C:\Users\bkmcm\Documents\VisualStudio\Projects\XXMLCompiler>